[goldd.in/index.html]
[backblue.gif]
[fade.gif]
[index.html]
[unpkg.com/sweetalert/dist/sweetalert.min.a.delayed]
[unpkg.com/sweetalert@2.1.2/dist/sweetalert.min.js]
[goldd.in/assets/jsfile/chartd.js]
[goldd.in/assets/jsfile/getdat.js]
[goldd.in/assets/jsfile/ppdate.js]
[goldd.in/assets/jsfile/rtable.js]
[goldd.in/assets/jsfile/delay.js]
[goldd.in/assets/jsfile/getres.js]
[goldd.in/assets/jsfile/condon.js]
[goldd.in/assets/jsfile/main.js]
[goldd.in/assets/jsfile/showTime.js]
[pagead2.googlesyndication.com/pagead/js/f.txt]
[goldd.in/assets/lib/jquery/jquery.min.js]
[goldd.in/assets/images/goldd_icon.png]
[goldd.in/index-2.html]
[goldd.in/home/chart.html]
[goldd.in/otc.html]
[ajax.cloudflare.com/cdn-cgi/scripts/7089c43e/cloudflare-static/rocket-loader.min.js]
[goldd.in/assets/lib/jquery-ui/ui/widgets/datepicker.js]
[goldd.in/assets/lib/bootstrap/js/bootstrap.bundle.min.js]
[goldd.in/assets/lib/ionicons/ionicons.js]
[goldd.in/assets/lib/jquery.maskedinput/jquery.maskedinput.js]
[goldd.in/assets/lib/spectrum-colorpicker/spectrum.js]
[goldd.in/assets/lib/select2/js/select2.min.js]
[goldd.in/assets/lib/ion-rangeslider/js/ion.rangeSlider.min.js]
[goldd.in/assets/lib/amazeui-datetimepicker/js/amazeui.datetimepicker.min.js]
[goldd.in/assets/lib/jquery-simple-datetimepicker/jquery.simple-dtpicker.js]
[goldd.in/assets/lib/pickerjs/picker.min.js]
[goldd.in/assets/js/jquery.cookie.js]
[goldd.in/assets/js/azia.js]
[goldd.in/index.html]
[goldd.in/assets/lib/fontawesome-free/webfonts/fa-brands-400.eot]
[goldd.in/assets/lib/fontawesome-free/webfonts/fa-brands-400d41d.eot]
[goldd.in/assets/lib/fontawesome-free/webfonts/fa-brands-400.woff2]
[goldd.in/assets/lib/fontawesome-free/webfonts/fa-brands-400.woff]
[goldd.in/assets/lib/fontawesome-free/webfonts/fa-brands-400.ttf]
[goldd.in/assets/lib/fontawesome-free/webfonts/fa-regular-400.eot]
[goldd.in/assets/lib/fontawesome-free/webfonts/fa-regular-400d41d.eot]
[goldd.in/assets/lib/fontawesome-free/webfonts/fa-regular-400.woff2]
[goldd.in/assets/lib/fontawesome-free/webfonts/fa-regular-400.woff]
[goldd.in/assets/lib/fontawesome-free/webfonts/fa-regular-400.ttf]
[goldd.in/assets/lib/fontawesome-free/webfonts/fa-solid-900.eot]
[goldd.in/assets/lib/fontawesome-free/webfonts/fa-solid-900d41d.eot]
[goldd.in/assets/lib/fontawesome-free/webfonts/fa-solid-900.woff2]
[goldd.in/assets/lib/fontawesome-free/webfonts/fa-solid-900.woff]
[goldd.in/assets/lib/fontawesome-free/webfonts/fa-solid-900.ttf]
[goldd.in/assets/lib/fontawesome-free/css/all.min.css]
[goldd.in/assets/lib/ionicons/fonts/ionicons53d0.eot]
[goldd.in/assets/lib/ionicons/fonts/ionicons53d0.woff2]
[goldd.in/assets/lib/ionicons/fonts/ionicons53d0.woff]
[goldd.in/assets/lib/ionicons/fonts/ionicons53d0.ttf]
[goldd.in/assets/lib/ionicons/css/ionicons.min.css]
[goldd.in/assets/lib/typicons.font/typicons.eot]
[goldd.in/assets/lib/typicons.font/typiconsd41d.eot]
[goldd.in/assets/lib/typicons.font/typicons.woff]
[goldd.in/assets/lib/typicons.font/typicons.ttf]
[goldd.in/assets/lib/typicons.font/typicons.css]
[goldd.in/assets/lib/spectrum-colorpicker/spectrum.css]
[goldd.in/assets/lib/select2/css/select2.min.css]
[goldd.in/assets/lib/ion-rangeslider/css/ion.rangeSlider.css]
[goldd.in/assets/lib/ion-rangeslider/img/sprite-skin-flat.png]
[goldd.in/assets/lib/ion-rangeslider/css/ion.rangeSlider.skinFlat.css]
[goldd.in/assets/lib/amazeui-datetimepicker/css/amazeui.datetimepicker.css]
[goldd.in/assets/lib/jquery-simple-datetimepicker/jquery.simple-dtpicker.css]
[goldd.in/assets/lib/pickerjs/picker.min.css]
[goldd.in/assets/css/azia.css]
[goldd.in/index-2.html]
[goldd.in/home/index.html]
[goldd.in/home/index-2.html]
[goldd.in/home/chart.html]
[goldd.in/assets/css/style.css]
[goldd.in/otc.html]
[goldd.in/assets/js/jquery.cookie.html]
[goldd.in/otc_history.html]
[goldd.in/assets/lib/fontawesome-free/webfonts/fa-brands-400.svg]
[goldd.in/assets/lib/fontawesome-free/webfonts/fa-regular-400.svg]
[goldd.in/assets/lib/fontawesome-free/webfonts/fa-solid-900.svg]
[goldd.in/assets/lib/ionicons/fonts/ionicons53d0.svg]
[goldd.in/assets/lib/typicons.font/typicons.svg]
[goldd.in/home/index.html]
[goldd.in/home/index-2.html]
[goldd.in/otc_history.html]
